[15Apr2025 00:02:22.489] [Server thread/INFO] [net.minecraft.server.players.PlayerList/]: amigobuho360[/100.72.107.85:57429] logged in with entity id 6794 at (1069.0794158344606, 76.0, 1630.263059672624)
[15Apr2025 00:02:22.491] [Server thread/INFO] [ModdingLegacy/blue_skies/]: Sending ToolHandleTypeManager to amigobuho360
[15Apr2025 00:02:22.492] [Server thread/INFO] [ModdingLegacy/blue_skies/]: Sending SnowcapOvenFreezingManager to amigobuho360
[15Apr2025 00:02:22.493] [Server thread/INFO] [ModdingLegacy/blue_skies/]: Sending HorizoniteForgeFuelManager to amigobuho360
[15Apr2025 00:02:22.494] [Server thread/INFO] [ModdingLegacy/blue_skies/]: Sending AlchemyRecipeManager to amigobuho360
[15Apr2025 00:02:22.497] [Server thread/INFO] [ModdingLegacy/blue_skies/]: Sending JournalEntryManager to amigobuho360
[15Apr2025 00:02:22.500] [Server thread/INFO] [ModdingLegacy/blue_skies/]: Sending JournalSectionManager to amigobuho360
[15Apr2025 00:02:22.501] [Server thread/INFO] [ModdingLegacy/blue_skies/]: Sending JournalRequirementManager to amigobuho360
[15Apr2025 00:02:22.550] [Server thread/INFO] [net.minecraft.server.MinecraftServer/]: amigobuho360 joined the game
[15Apr2025 00:02:22.584] [Server thread/INFO] [Jade/]: Syncing config to amigobuho360 (b68e832d-3da2-35d1-8fd6-80925fbd78f4)
[15Apr2025 00:02:22.765] [Server thread/INFO] [com.teampotato.redirector.Redirector/]: Redirecting net/p3pp3rf1y/sophisticatedcore/renderdata/TankPosition
[15Apr2025 00:02:22.824] [Server thread/INFO] [com.teampotato.redirector.Redirector/]: Redirecting net/p3pp3rf1y/sophisticatedcore/renderdata/DisplaySide
[15Apr2025 00:02:22.869] [Server thread/INFO] [com.teampotato.redirector.Redirector/]: Redirecting net/p3pp3rf1y/sophisticatedcore/upgrades/PrimaryMatch
[15Apr2025 00:02:22.894] [Server thread/INFO] [com.teampotato.redirector.Redirector/]: Redirecting com/simibubi/create/content/kinetics/transmission/sequencer/SequencerInstructions
[15Apr2025 00:02:22.910] [Server thread/INFO] [com.teampotato.redirector.Redirector/]: Redirecting com/mrh0/createaddition/energy/WireType
[15Apr2025 00:02:23.008] [Server thread/INFO] [com.teampotato.redirector.Redirector/]: Redirecting com/simibubi/create/content/kinetics/crafter/MechanicalCrafterBlockEntity$Phase
[15Apr2025 00:02:23.020] [Server thread/INFO] [com.teampotato.redirector.Redirector/]: Redirecting com/simibubi/create/content/kinetics/belt/behaviour/BeltProcessingBehaviour$ProcessingResult
[15Apr2025 00:02:23.044] [Server thread/INFO] [com.teampotato.redirector.Redirector/]: Redirecting net/minecraft/world/level/block/DoubleBlockCombiner$BlockType
[15Apr2025 00:02:24.214] [Server thread/INFO] [do_a_barrel_roll/]: Client of amigobuho360 accepted server config.
[15Apr2025 00:02:27.996] [Server thread/WARN] [net.minecraft.server.MinecraftServer/]: Can't keep up! Is the server overloaded? Running 2025ms or 40 ticks behind
[15Apr2025 00:02:31.098] [Server thread/INFO] [com.teampotato.redirector.Redirector/]: Redirecting com/mrcrayfish/furniture/refurbished/platform/services/IPlatformHelper$Platform
[15Apr2025 00:02:32.164] [Server thread/INFO] [com.teampotato.redirector.Redirector/]: Redirecting com/mrcrayfish/furniture/refurbished/electricity/Connection$Node$Status
[15Apr2025 00:02:32.204] [Server thread/INFO] [com.teampotato.redirector.Redirector/]: Redirecting com/mrcrayfish/furniture/refurbished/blockentity/IProcessingBlock$EnergyMode
[15Apr2025 00:02:32.360] [Server thread/INFO] [com.teampotato.redirector.Redirector/]: Redirecting com/simibubi/create/content/contraptions/mounted/CartAssemblerBlockEntity$CartMovementMode
[15Apr2025 00:02:33.518] [Server thread/INFO] [com.teampotato.redirector.Redirector/]: Redirecting com/simibubi/create/content/logistics/tunnel/BrassTunnelBlockEntity$SelectionMode
[15Apr2025 00:02:33.531] [Server thread/INFO] [com.teampotato.redirector.Redirector/]: Redirecting com/simibubi/create/content/fluids/FluidTransportBehaviour$UpdatePhase
[15Apr2025 00:02:33.539] [Server thread/INFO] [com.teampotato.redirector.Redirector/]: Redirecting earth/terrarium/adastra/common/blockentities/base/sideconfig/ConfigurationType
[15Apr2025 00:02:33.682] [Server thread/INFO] [com.teampotato.redirector.Redirector/]: Redirecting com/simibubi/create/content/kinetics/press/PressingBehaviour$Mode
[15Apr2025 00:02:33.827] [Server thread/INFO] [com.teampotato.redirector.Redirector/]: Redirecting ht/treechop/common/properties/ChoppedLogShape
[15Apr2025 00:02:33.830] [Server thread/INFO] [com.teampotato.redirector.Redirector/]: Redirecting ht/treechop/common/util/FaceShape
[15Apr2025 00:02:33.833] [Server thread/INFO] [com.teampotato.redirector.Redirector/]: Redirecting com/simibubi/create/content/contraptions/IControlContraption$RotationMode
[15Apr2025 00:02:33.836] [Server thread/INFO] [com.teampotato.redirector.Redirector/]: Redirecting com/simibubi/create/content/logistics/funnel/FunnelBlockEntity$Mode
[15Apr2025 00:02:33.837] [Server thread/INFO] [com.teampotato.redirector.Redirector/]: Redirecting com/simibubi/create/foundation/item/ItemHelper$ExtractionCountMode
[15Apr2025 00:02:33.840] [Server thread/INFO] [com.teampotato.redirector.Redirector/]: Redirecting com/simibubi/create/content/kinetics/belt/transport/BeltInventory$Ending
[15Apr2025 00:02:34.793] [Server thread/INFO] [com.teampotato.redirector.Redirector/]: Redirecting earth/terrarium/adastra/common/blockentities/base/EnergyContainerMachineBlockEntity$ChargeSlotType
[15Apr2025 00:03:10.458] [Server thread/INFO] [com.teampotato.redirector.Redirector/]: Redirecting net/minecraft/world/level/gameevent/GameEventListener$DeliveryMode
[15Apr2025 00:03:12.798] [Server thread/INFO] [com.teampotato.redirector.Redirector/]: Redirecting org/violetmoon/quark/api/event/SimpleHarvestEvent$ActionType
[15Apr2025 00:03:45.727] [Server thread/INFO] [com.teampotato.redirector.Redirector/]: Redirecting net/minecraftforge/event/entity/living/LivingChangeTargetEvent$LivingTargetType
[15Apr2025 00:04:00.548] [Server thread/INFO] [com.teampotato.redirector.Redirector/]: Redirecting net/p3pp3rf1y/sophisticatedbackpacks/common/gui/BackpackContext$ContextType
[15Apr2025 00:04:00.557] [Server thread/INFO] [com.teampotato.redirector.Redirector/]: Redirecting net/p3pp3rf1y/sophisticatedcore/upgrades/ContentsFilterType
[15Apr2025 00:06:17.573] [Server thread/INFO] [com.teampotato.redirector.Redirector/]: Redirecting com/simibubi/create/content/processing/burner/BlazeBurnerBlockEntity$FuelType
[15Apr2025 00:06:21.726] [Server thread/INFO] [com.teampotato.redirector.Redirector/]: Redirecting com/simibubi/create/content/contraptions/bearing/WindmillBearingBlockEntity$RotationDirection
[15Apr2025 00:06:21.733] [Server thread/INFO] [com.teampotato.redirector.Redirector/]: Redirecting com/simibubi/create/content/kinetics/mechanicalArm/ArmBlockEntity$SelectionMode
[15Apr2025 00:06:23.737] [Server thread/INFO] [com.teampotato.redirector.Redirector/]: Redirecting net/minecraftforge/event/entity/ProjectileImpactEvent$ImpactResult
[15Apr2025 00:06:24.180] [Server thread/INFO] [com.teampotato.redirector.Redirector/]: Redirecting com/simibubi/create/content/kinetics/mechanicalArm/ArmInteractionPoint$Mode
[15Apr2025 00:06:52.368] [Server thread/INFO] [com.teampotato.redirector.Redirector/]: Redirecting org/cyclops/cyclopscore/algorithm/Dimension
[15Apr2025 00:07:26.057] [Server thread/INFO] [com.teampotato.redirector.Redirector/]: Redirecting ovh/corail/tombstone/item/ItemEasterEgg$ModelColor
[15Apr2025 00:11:00.055] [Server thread/INFO] [net.minecraft.server.players.PlayerList/]: Mondongo[/100.121.72.113:61667] logged in with entity id 16028 at (147.5, 63.0, 195.5)
[15Apr2025 00:11:00.055] [Server thread/INFO] [ModdingLegacy/blue_skies/]: Sending ToolHandleTypeManager to Mondongo
[15Apr2025 00:11:00.056] [Server thread/INFO] [ModdingLegacy/blue_skies/]: Sending SnowcapOvenFreezingManager to Mondongo
[15Apr2025 00:11:00.056] [Server thread/INFO] [ModdingLegacy/blue_skies/]: Sending HorizoniteForgeFuelManager to Mondongo
[15Apr2025 00:11:00.056] [Server thread/INFO] [ModdingLegacy/blue_skies/]: Sending AlchemyRecipeManager to Mondongo
[15Apr2025 00:11:00.058] [Server thread/INFO] [ModdingLegacy/blue_skies/]: Sending JournalEntryManager to Mondongo
[15Apr2025 00:11:00.061] [Server thread/INFO] [ModdingLegacy/blue_skies/]: Sending JournalSectionManager to Mondongo
[15Apr2025 00:11:00.061] [Server thread/INFO] [ModdingLegacy/blue_skies/]: Sending JournalRequirementManager to Mondongo
[15Apr2025 00:11:00.077] [Server thread/INFO] [net.minecraft.server.MinecraftServer/]: Mondongo joined the game
[15Apr2025 00:11:00.085] [Server thread/INFO] [net.minecraft.server.MinecraftServer/]: Mondongo has reached the goal [Easter]
[15Apr2025 00:11:00.087] [Server thread/INFO] [net.minecraft.server.MinecraftServer/]: Mondongo has made the advancement [Keepers of the Stones II]
[15Apr2025 00:11:00.088] [Server thread/INFO] [Jade/]: Syncing config to Mondongo (2b90c025-deb2-3151-a1dc-c6e27c00f9db)
[15Apr2025 00:11:06.922] [Server thread/INFO] [do_a_barrel_roll/]: Client of Mondongo accepted server config.
